
> val-store@0.1.0 build
> next build

node.exe : [baseline-browser-mapping] The 
data in this module is over two months old. 
 To ensure accurate Baseline data, please 
update: `npm i 
baseline-browser-mapping@latest -D`
At C:\Program Files\nodejs\npm.ps1:29 char:3
+   & $NODE_EXE $NPM_CLI_JS $args
+   ~~~~~~~~~~~~~~~~~~~~~~~~~~~~~
    + CategoryInfo          : NotSpecified: 
    ([baseline-brows...ping@latest -D`:Str  
  ing) [], RemoteException
    + FullyQualifiedErrorId : NativeCommand 
   Error
 
   Γû▓ Next.js 16.0.10 (Turbopack)
   - Environments: .env

 ΓÜá The "middleware" file convention is 
deprecated. Please use "proxy" instead. 
Learn more: https://nextjs.org/docs/messages
/middleware-to-proxy
   Creating an optimized production build ...
[baseline-browser-mapping] The data in this 
module is over two months old.  To ensure 
accurate Baseline data, please update: `npm 
i baseline-browser-mapping@latest -D`
[baseline-browser-mapping] The data in this 
module is over two months old.  To ensure 
accurate Baseline data, please update: `npm 
i baseline-browser-mapping@latest -D`
 Γ£ô Compiled successfully in 71s
   Running TypeScript ...
Failed to compile.

./src/components/home/components/TrustIndica
tors.tsx:1:1
Type error: Unknown keyword or identifier. 
Did you mean 'import'?

[0m[31m[1m>[22m[39m[90m 1 |[39m 
earimport { [33mTruck[39m[33m,[39m 
[33mRefreshCw[39m[33m,[39m 
[33mAward[39m } [36mfrom[39m 
[32m"lucide-react"[39m[33m;[39m
 [90m   |[39m [31m[1m^[22m[39m
 [90m 2 |[39m
 [90m 3 |[39m [36minterface[39m 
[33mTrustIndicator[39m {
 [90m 4 |[39m   icon[33m:[39m [33mReact
[39m[33m.[39m[33mElementType[39m[33m;
[39m[0m
Next.js build worker exited with code: 1 
and signal: null
