src/components/layout/Footer.tsx(39,13): error TS18047: 'settings' is possibly 'null'.
src/components/layout/Footer.tsx(41,18): error TS18047: 'settings' is possibly 'null'.
src/components/layout/Footer.tsx(45,13): error TS18047: 'settings' is possibly 'null'.
src/components/layout/Footer.tsx(47,18): error TS18047: 'settings' is possibly 'null'.
src/components/layout/Footer.tsx(51,13): error TS18047: 'settings' is possibly 'null'.
src/components/layout/Footer.tsx(53,18): error TS18047: 'settings' is possibly 'null'.
src/components/layout/Footer.tsx(57,13): error TS18047: 'settings' is possibly 'null'.
src/components/layout/Footer.tsx(59,18): error TS18047: 'settings' is possibly 'null'.
src/components/layout/Footer.tsx(160,16): error TS18047: 'settings' is possibly 'null'.
src/components/layout/Footer.tsx(165,32): error TS18047: 'settings' is possibly 'null'.
